=== 8h harvester started Wed Jun  3 17:50:46 UTC 2026 ===
harvested 19 result JSONs
[06-03_17:51] cycle 1/16 | GL+RL jsons=13 | SI2Eq:  | SEGSLq: 17:47 START gat_cora;
harvested 20 result JSONs
[06-03_18:21] cycle 2/16 | GL+RL jsons=14 | SI2Eq: 17:52 START dk8-s4; | SEGSLq: 17:47 START gat_cora;
harvested 20 result JSONs
[06-03_18:52] cycle 3/16 | GL+RL jsons=14 | SI2Eq: 17:52 START dk8-s4; | SEGSLq: 17:47 START gat_cora;
harvested 21 result JSONs
[06-03_19:23] cycle 4/16 | GL+RL jsons=15 | SI2Eq: 19:07 DONE dk8-s4 -> U 1465 | F 3000320 | FPS 0718 | D 4472 | rR:μσmM 0.07 0.19 0.00 0.68 | F:μσmM 599.4 111.8 228.0 640.0 | H 1.940 | V 0.017 | pL -0.004 | vL 0.000 | ∇ 0.007;19:07 START dk8-s5; | SEGSLq: 17:47 START gat_cora;
harvested 21 result JSONs
[06-03_19:53] cycle 5/16 | GL+RL jsons=15 | SI2Eq: 19:07 DONE dk8-s4 -> U 1465 | F 3000320 | FPS 0718 | D 4472 | rR:μσmM 0.07 0.19 0.00 0.68 | F:μσmM 599.4 111.8 228.0 640.0 | H 1.940 | V 0.017 | pL -0.004 | vL 0.000 | ∇ 0.007;19:07 START dk8-s5; | SEGSLq: 17:47 START gat_cora;
harvested 23 result JSONs
[06-03_20:24] cycle 6/16 | GL+RL jsons=17 | SI2Eq: 20:18 DONE dk8-s5 -> U 1465 | F 3000320 | FPS 0738 | D 4292 | rR:μσmM 0.94 0.03 0.82 0.98 | F:μσmM 40.7 20.3 17.0 127.0 | H 1.448 | V 0.762 | pL 0.009 | vL 0.002 | ∇ 0.047;20:18 START kc-s1; | SEGSLq: 17:47 START gat_cora;
harvested 23 result JSONs
[06-03_20:54] cycle 7/16 | GL+RL jsons=17 | SI2Eq: 20:18 DONE dk8-s5 -> U 1465 | F 3000320 | FPS 0738 | D 4292 | rR:μσmM 0.94 0.03 0.82 0.98 | F:μσmM 40.7 20.3 17.0 127.0 | H 1.448 | V 0.762 | pL 0.009 | vL 0.002 | ∇ 0.047;20:18 START kc-s1; | SEGSLq: 17:47 START gat_cora;
harvested 23 result JSONs
[06-03_21:25] cycle 8/16 | GL+RL jsons=17 | SI2Eq: 20:18 DONE dk8-s5 -> U 1465 | F 3000320 | FPS 0738 | D 4292 | rR:μσmM 0.94 0.03 0.82 0.98 | F:μσmM 40.7 20.3 17.0 127.0 | H 1.448 | V 0.762 | pL 0.009 | vL 0.002 | ∇ 0.047;20:18 START kc-s1; | SEGSLq: 17:47 START gat_cora;
harvested 24 result JSONs
[06-03_21:55] cycle 9/16 | GL+RL jsons=18 | SI2Eq: 21:36 DONE kc-s1 -> U 1465 | F 3000320 | FPS 0605 | D 4619 | rR:μσmM 0.00 0.00 0.00 0.00 | F:μσmM 270.0 0.0 270.0 270.0 | H 1.946 | V 0.000 | pL 0.000 | vL 0.000 | ∇ 0.000;21:36 START kc-s2; | SEGSLq: 17:47 START gat_cora;
harvested 24 result JSONs
[06-03_22:26] cycle 10/16 | GL+RL jsons=18 | SI2Eq: 21:36 DONE kc-s1 -> U 1465 | F 3000320 | FPS 0605 | D 4619 | rR:μσmM 0.00 0.00 0.00 0.00 | F:μσmM 270.0 0.0 270.0 270.0 | H 1.946 | V 0.000 | pL 0.000 | vL 0.000 | ∇ 0.000;21:36 START kc-s2; | SEGSLq: 17:47 START gat_cora;
harvested 25 result JSONs
[06-03_22:57] cycle 11/16 | GL+RL jsons=19 | SI2Eq: 22:54 DONE kc-s2 -> U 1465 | F 3000320 | FPS 0601 | D 4692 | rR:μσmM 0.02 0.07 0.00 0.28 | F:μσmM 266.6 13.1 216.0 270.0 | H 1.942 | V 0.002 | pL -0.002 | vL 0.000 | ∇ 0.004;22:54 START kc-s3; | SEGSLq: 17:47 START gat_cora;
harvested 25 result JSONs
[06-03_23:27] cycle 12/16 | GL+RL jsons=19 | SI2Eq: 22:54 DONE kc-s2 -> U 1465 | F 3000320 | FPS 0601 | D 4692 | rR:μσmM 0.02 0.07 0.00 0.28 | F:μσmM 266.6 13.1 216.0 270.0 | H 1.942 | V 0.002 | pL -0.002 | vL 0.000 | ∇ 0.004;22:54 START kc-s3; | SEGSLq: 17:47 START gat_cora;
harvested 25 result JSONs
[06-03_23:58] cycle 13/16 | GL+RL jsons=19 | SI2Eq: 22:54 DONE kc-s2 -> U 1465 | F 3000320 | FPS 0601 | D 4692 | rR:μσmM 0.02 0.07 0.00 0.28 | F:μσmM 266.6 13.1 216.0 270.0 | H 1.942 | V 0.002 | pL -0.002 | vL 0.000 | ∇ 0.004;22:54 START kc-s3; | SEGSLq: 17:47 START gat_cora;
harvested 25 result JSONs
[06-04_00:28] cycle 14/16 | GL+RL jsons=36 | SI2Eq: 00:07 DONE kc-s3 -> U 1465 | F 3000320 | FPS 0727 | D 4386 | rR:μσmM 0.00 0.00 0.00 0.00 | F:μσmM 270.0 0.0 270.0 270.0 | H 1.946 | V 0.000 | pL 0.000 | vL 0.000 | ∇ 0.000;00:07 SI2E_QUEUE_DONE; | SEGSLq: 17:47 START gat_cora;
harvested 25 result JSONs
[06-04_00:59] cycle 15/16 | GL+RL jsons=36 | SI2Eq: 00:07 DONE kc-s3 -> U 1465 | F 3000320 | FPS 0727 | D 4386 | rR:μσmM 0.00 0.00 0.00 0.00 | F:μσmM 270.0 0.0 270.0 270.0 | H 1.946 | V 0.000 | pL 0.000 | vL 0.000 | ∇ 0.000;00:07 SI2E_QUEUE_DONE; | SEGSLq: 17:47 START gat_cora;
harvested 25 result JSONs
[06-04_01:29] cycle 16/16 | GL+RL jsons=36 | SI2Eq: 00:07 DONE kc-s3 -> U 1465 | F 3000320 | FPS 0727 | D 4386 | rR:μσmM 0.00 0.00 0.00 0.00 | F:μσmM 270.0 0.0 270.0 270.0 | H 1.946 | V 0.000 | pL 0.000 | vL 0.000 | ∇ 0.000;00:07 SI2E_QUEUE_DONE; | SEGSLq: 17:47 START gat_cora;
=== 8h harvester finished Thu Jun  4 01:59:54 UTC 2026 ===
